Archive member included to satisfy reference by file (symbol)

c:/progra~2/gnuarm~1/102021~1.10/bin/../lib/gcc/arm-none-eabi/10.3.1/../../../../arm-none-eabi/lib/thumb/v7-m/nofp\libg.a(lib_a-errno.o)
                              CMakeFiles/miior.elf.dir/Core/Src/syscalls.c.obj (__errno)
c:/progra~2/gnuarm~1/102021~1.10/bin/../lib/gcc/arm-none-eabi/10.3.1/../../../../arm-none-eabi/lib/thumb/v7-m/nofp\libg.a(lib_a-exit.o)
                              c:/progra~2/gnuarm~1/102021~1.10/bin/../lib/gcc/arm-none-eabi/10.3.1/../../../../arm-none-eabi/lib/thumb/v7-m/nofp/crt0.o (exit)
c:/progra~2/gnuarm~1/102021~1.10/bin/../lib/gcc/arm-none-eabi/10.3.1/../../../../arm-none-eabi/lib/thumb/v7-m/nofp\libg.a(lib_a-impure.o)
                              c:/progra~2/gnuarm~1/102021~1.10/bin/../lib/gcc/arm-none-eabi/10.3.1/../../../../arm-none-eabi/lib/thumb/v7-m/nofp\libg.a(lib_a-exit.o) (_global_impure_ptr)
c:/progra~2/gnuarm~1/102021~1.10/bin/../lib/gcc/arm-none-eabi/10.3.1/../../../../arm-none-eabi/lib/thumb/v7-m/nofp\libg.a(lib_a-init.o)
                              c:/progra~2/gnuarm~1/102021~1.10/bin/../lib/gcc/arm-none-eabi/10.3.1/../../../../arm-none-eabi/lib/thumb/v7-m/nofp/crt0.o (__libc_init_array)
c:/progra~2/gnuarm~1/102021~1.10/bin/../lib/gcc/arm-none-eabi/10.3.1/../../../../arm-none-eabi/lib/thumb/v7-m/nofp\libg.a(lib_a-memcpy.o)
                              CMakeFiles/miior.elf.dir/Middlewares/Third_Party/FreeRTOS/Source/queue.c.obj (memcpy)
c:/progra~2/gnuarm~1/102021~1.10/bin/../lib/gcc/arm-none-eabi/10.3.1/../../../../arm-none-eabi/lib/thumb/v7-m/nofp\libg.a(lib_a-memset.o)
                              c:/progra~2/gnuarm~1/102021~1.10/bin/../lib/gcc/arm-none-eabi/10.3.1/../../../../arm-none-eabi/lib/thumb/v7-m/nofp/crt0.o (memset)
c:/progra~2/gnuarm~1/102021~1.10/bin/../lib/gcc/arm-none-eabi/10.3.1/../../../../arm-none-eabi/lib/thumb/v7-m/nofp\libg.a(lib_a-__call_atexit.o)
                              c:/progra~2/gnuarm~1/102021~1.10/bin/../lib/gcc/arm-none-eabi/10.3.1/../../../../arm-none-eabi/lib/thumb/v7-m/nofp\libg.a(lib_a-exit.o) (__call_exitprocs)
c:/progra~2/gnuarm~1/102021~1.10/bin/../lib/gcc/arm-none-eabi/10.3.1/../../../../arm-none-eabi/lib/thumb/v7-m/nofp\libg.a(lib_a-atexit.o)
                              c:/progra~2/gnuarm~1/102021~1.10/bin/../lib/gcc/arm-none-eabi/10.3.1/../../../../arm-none-eabi/lib/thumb/v7-m/nofp\libg.a(lib_a-__call_atexit.o) (atexit)
c:/progra~2/gnuarm~1/102021~1.10/bin/../lib/gcc/arm-none-eabi/10.3.1/../../../../arm-none-eabi/lib/thumb/v7-m/nofp\libg.a(lib_a-fini.o)
                              c:/progra~2/gnuarm~1/102021~1.10/bin/../lib/gcc/arm-none-eabi/10.3.1/../../../../arm-none-eabi/lib/thumb/v7-m/nofp\libg.a(lib_a-__call_atexit.o) (__libc_fini_array)
c:/progra~2/gnuarm~1/102021~1.10/bin/../lib/gcc/arm-none-eabi/10.3.1/../../../../arm-none-eabi/lib/thumb/v7-m/nofp\libg.a(lib_a-lock.o)
                              c:/progra~2/gnuarm~1/102021~1.10/bin/../lib/gcc/arm-none-eabi/10.3.1/../../../../arm-none-eabi/lib/thumb/v7-m/nofp\libg.a(lib_a-__call_atexit.o) (__retarget_lock_acquire_recursive)
c:/progra~2/gnuarm~1/102021~1.10/bin/../lib/gcc/arm-none-eabi/10.3.1/../../../../arm-none-eabi/lib/thumb/v7-m/nofp\libg.a(lib_a-__atexit.o)
                              c:/progra~2/gnuarm~1/102021~1.10/bin/../lib/gcc/arm-none-eabi/10.3.1/../../../../arm-none-eabi/lib/thumb/v7-m/nofp\libg.a(lib_a-atexit.o) (__register_exitproc)

Discarded input sections

 .text          0x00000000        0x0 c:/progra~2/gnuarm~1/102021~1.10/bin/../lib/gcc/arm-none-eabi/10.3.1/thumb/v7-m/nofp/crti.o
 .data          0x00000000        0x0 c:/progra~2/gnuarm~1/102021~1.10/bin/../lib/gcc/arm-none-eabi/10.3.1/thumb/v7-m/nofp/crti.o
 .bss           0x00000000        0x0 c:/progra~2/gnuarm~1/102021~1.10/bin/../lib/gcc/arm-none-eabi/10.3.1/thumb/v7-m/nofp/crti.o
 .data          0x00000000        0x4 c:/progra~2/gnuarm~1/102021~1.10/bin/../lib/gcc/arm-none-eabi/10.3.1/thumb/v7-m/nofp/crtbegin.o
 .rodata        0x00000000       0x24 c:/progra~2/gnuarm~1/102021~1.10/bin/../lib/gcc/arm-none-eabi/10.3.1/thumb/v7-m/nofp/crtbegin.o
 .text          0x00000000       0x7c c:/progra~2/gnuarm~1/102021~1.10/bin/../lib/gcc/arm-none-eabi/10.3.1/../../../../arm-none-eabi/lib/thumb/v7-m/nofp/crt0.o
 .data          0x00000000        0x0 c:/progra~2/gnuarm~1/102021~1.10/bin/../lib/gcc/arm-none-eabi/10.3.1/../../../../arm-none-eabi/lib/thumb/v7-m/nofp/crt0.o
 .bss           0x00000000        0x0 c:/progra~2/gnuarm~1/102021~1.10/bin/../lib/gcc/arm-none-eabi/10.3.1/../../../../arm-none-eabi/lib/thumb/v7-m/nofp/crt0.o
 .ARM.extab     0x00000000        0x0 c:/progra~2/gnuarm~1/102021~1.10/bin/../lib/gcc/arm-none-eabi/10.3.1/../../../../arm-none-eabi/lib/thumb/v7-m/nofp/crt0.o
 .ARM.exidx     0x00000000       0x10 c:/progra~2/gnuarm~1/102021~1.10/bin/../lib/gcc/arm-none-eabi/10.3.1/../../../../arm-none-eabi/lib/thumb/v7-m/nofp/crt0.o
 .ARM.attributes
[...]
Memory Configuration

Name             Origin             Length             Attributes
RAM              0x20000000         0x00005000         xrw
FLASH            0x08000000         0x00010000         xr
*default*        0x00000000         0xffffffff

Linker script and memory map

LOAD c:/progra~2/gnuarm~1/102021~1.10/bin/../lib/gcc/arm-none-eabi/10.3.1/thumb/v7-m/nofp/crti.o
LOAD c:/progra~2/gnuarm~1/102021~1.10/bin/../lib/gcc/arm-none-eabi/10.3.1/thumb/v7-m/nofp/crtbegin.o
LOAD c:/progra~2/gnuarm~1/102021~1.10/bin/../lib/gcc/arm-none-eabi/10.3.1/../../../../arm-none-eabi/lib/thumb/v7-m/nofp/crt0.o
LOAD CMakeFiles/miior.elf.dir/Core/Src/freertos.c.obj
LOAD CMakeFiles/miior.elf.dir/Core/Src/gpio.c.obj
LOAD CMakeFiles/miior.elf.dir/Core/Src/main.c.obj
LOAD CMakeFiles/miior.elf.dir/Core/Src/stm32f1xx_hal_msp.c.obj
LOAD CMakeFiles/miior.elf.dir/Core/Src/stm32f1xx_it.c.obj
LOAD CMakeFiles/miior.elf.dir/Core/Src/syscalls.c.obj
LOAD CMakeFiles/miior.elf.dir/Core/Src/system_stm32f1xx.c.obj
LOAD CMakeFiles/miior.elf.dir/Drivers/STM32F1xx_HAL_Driver/Src/stm32f1xx_hal.c.obj
LOAD CMakeFiles/miior.elf.dir/Drivers/STM32F1xx_HAL_Driver/Src/stm32f1xx_hal_cortex.c.obj
LOAD CMakeFiles/miior.elf.dir/Drivers/STM32F1xx_HAL_Driver/Src/stm32f1xx_hal_dma.c.obj
LOAD CMakeFiles/miior.elf.dir/Drivers/STM32F1xx_HAL_Driver/Src/stm32f1xx_hal_exti.c.obj
LOAD CMakeFiles/miior.elf.dir/Drivers/STM32F1xx_HAL_Driver/Src/stm32f1xx_hal_flash.c.obj
LOAD CMakeFiles/miior.elf.dir/Drivers/STM32F1xx_HAL_Driver/Src/stm32f1xx_hal_flash_ex.c.obj
LOAD CMakeFiles/miior.elf.dir/Drivers/STM32F1xx_HAL_Driver/Src/stm32f1xx_hal_gpio.c.obj
LOAD CMakeFiles/miior.elf.dir/Drivers/STM32F1xx_HAL_Driver/Src/stm32f1xx_hal_gpio_ex.c.obj
LOAD CMakeFiles/miior.elf.dir/Drivers/STM32F1xx_HAL_Driver/Src/stm32f1xx_hal_pwr.c.obj
LOAD CMakeFiles/miior.elf.dir/Drivers/STM32F1xx_HAL_Driver/Src/stm32f1xx_hal_rcc.c.obj
LOAD CMakeFiles/miior.elf.dir/Drivers/STM32F1xx_HAL_Driver/Src/stm32f1xx_hal_rcc_ex.c.obj
LOAD CMakeFiles/miior.elf.dir/Drivers/STM32F1xx_HAL_Driver/Src/stm32f1xx_hal_tim.c.obj
LOAD CMakeFiles/miior.elf.dir/Drivers/STM32F1xx_HAL_Driver/Src/stm32f1xx_hal_tim_ex.c.obj
LOAD CMakeFiles/miior.elf.dir/Middlewares/Third_Party/FreeRTOS/Source/CMSIS_RTOS/cmsis_os.c.obj
LOAD CMakeFiles/miior.elf.dir/Middlewares/Third_Party/FreeRTOS/Source/croutine.c.obj
LOAD CMakeFiles/miior.elf.dir/Middlewares/Third_Party/FreeRTOS/Source/event_groups.c.obj
LOAD CMakeFiles/miior.elf.dir/Middlewares/Third_Party/FreeRTOS/Source/list.c.obj
LOAD CMakeFiles/miior.elf.dir/Middlewares/Third_Party/FreeRTOS/Source/portable/GCC/ARM_CM3/port.c.obj
LOAD CMakeFiles/miior.elf.dir/Middlewares/Third_Party/FreeRTOS/Source/portable/MemMang/heap_4.c.obj
LOAD CMakeFiles/miior.elf.dir/Middlewares/Third_Party/FreeRTOS/Source/queue.c.obj
LOAD CMakeFiles/miior.elf.dir/Middlewares/Third_Party/FreeRTOS/Source/stream_buffer.c.obj
LOAD CMakeFiles/miior.elf.dir/Middlewares/Third_Party/FreeRTOS/Source/tasks.c.obj
LOAD CMakeFiles/miior.elf.dir/Middlewares/Third_Party/FreeRTOS/Source/timers.c.obj
LOAD CMakeFiles/miior.elf.dir/startup/startup_stm32f103xb.s.obj
START GROUP
LOAD c:/progra~2/gnuarm~1/102021~1.10/bin/../lib/gcc/arm-none-eabi/10.3.1/thumb/v7-m/nofp\libgcc.a
LOAD c:/progra~2/gnuarm~1/102021~1.10/bin/../lib/gcc/arm-none-eabi/10.3.1/../../../../arm-none-eabi/lib/thumb/v7-m/nofp\libg.a
LOAD c:/progra~2/gnuarm~1/102021~1.10/bin/../lib/gcc/arm-none-eabi/10.3.1/../../../../arm-none-eabi/lib/thumb/v7-m/nofp\libc.a
END GROUP
LOAD c:/progra~2/gnuarm~1/102021~1.10/bin/../lib/gcc/arm-none-eabi/10.3.1/thumb/v7-m/nofp/crtend.o
LOAD c:/progra~2/gnuarm~1/102021~1.10/bin/../lib/gcc/arm-none-eabi/10.3.1/thumb/v7-m/nofp/crtn.o
                0x20005000                _estack = 0x20005000
                0x00000200                _Min_Heap_Size = 0x200
                0x00000400                _Min_Stack_Size = 0x400

.isr_vector     0x08000000      0x10c
                0x08000000                . = ALIGN (0x4)
 *(.isr_vector)
 .isr_vector    0x08000000      0x10c CMakeFiles/miior.elf.dir/startup/startup_stm32f103xb.s.obj
                0x08000000                g_pfnVectors
                0x0800010c                . = ALIGN (0x4)

.text           0x08000110     0x1b74
                0x08000110                . = ALIGN (0x4)
 *(.text)
 .text          0x08000110       0x40 c:/progra~2/gnuarm~1/102021~1.10/bin/../lib/gcc/arm-none-eabi/10.3.1/thumb/v7-m/nofp/crtbegin.o
 *(.text*)
 .text.StartDefaultTask
                0x08000150        0xa CMakeFiles/miior.elf.dir/Core/Src/freertos.c.obj
                0x08000150                StartDefaultTask
 *fill*         0x0800015a        0x2 
 .text.ledtask1
                0x0800015c       0x34 CMakeFiles/miior.elf.dir/Core/Src/freertos.c.obj
                0x0800015c                ledtask1
 .text.vApplicationGetIdleTaskMemory
                0x08000190       0x18 CMakeFiles/miior.elf.dir/Core/Src/freertos.c.obj
                0x08000190                vApplicationGetIdleTaskMemory
 .text.MX_FREERTOS_Init
                0x080001a8       0x5c CMakeFiles/miior.elf.dir/Core/Src/freertos.c.obj
                0x080001a8                MX_FREERTOS_Init
 .text.MX_GPIO_Init
                0x08000204       0x78 CMakeFiles/miior.elf.dir/Core/Src/gpio.c.obj
                0x08000204                MX_GPIO_Init
 .text.Error_Handler
                0x0800027c        0x4 CMakeFiles/miior.elf.dir/Core/Src/main.c.obj
                0x0800027c                Error_Handler
 .text.SystemClock_Config
                0x08000280       0x64 CMakeFiles/miior.elf.dir/Core/Src/main.c.obj
                0x08000280                SystemClock_Config
 .text.main     0x080002e4       0x18 CMakeFiles/miior.elf.dir/Core/Src/main.c.obj
                0x080002e4                main
 .text.HAL_MspInit
                0x080002fc       0x54 CMakeFiles/miior.elf.dir/Core/Src/stm32f1xx_hal_msp.c.obj
                0x080002fc                HAL_MspInit
 .text.NMI_Handler
                0x08000350        0x2 CMakeFiles/miior.elf.dir/Core/Src/stm32f1xx_it.c.obj
                0x08000350                NMI_Handler
 .text.HardFault_Handler
                0x08000352        0x2 CMakeFiles/miior.elf.dir/Core/Src/stm32f1xx_it.c.obj
                0x08000352                HardFault_Handler
 .text.MemManage_Handler
                0x08000354        0x2 CMakeFiles/miior.elf.dir/Core/Src/stm32f1xx_it.c.obj
                0x08000354                MemManage_Handler
 .text.BusFault_Handler
                0x08000356        0x2 CMakeFiles/miior.elf.dir/Core/Src/stm32f1xx_it.c.obj
                0x08000356                BusFault_Handler
 .text.UsageFault_Handler
                0x08000358        0x2 CMakeFiles/miior.elf.dir/Core/Src/stm32f1xx_it.c.obj
                0x08000358                UsageFault_Handler
 .text.DebugMon_Handler
                0x0800035a        0x2 CMakeFiles/miior.elf.dir/Core/Src/stm32f1xx_it.c.obj
                0x0800035a                DebugMon_Handler
 .text.SysTick_Handler
                0x0800035c       0x16 CMakeFiles/miior.elf.dir/Core/Src/stm32f1xx_it.c.obj
                0x0800035c                SysTick_Handler
 .text.SystemInit
                0x08000372        0x2 CMakeFiles/miior.elf.dir/Core/Src/system_stm32f1xx.c.obj
                0x08000372                SystemInit
 .text.HAL_InitTick
                0x08000374       0x4c CMakeFiles/miior.elf.dir/Drivers/STM32F1xx_HAL_Driver/Src/stm32f1xx_hal.c.obj
                0x08000374                HAL_InitTick
 .text.HAL_Init
                0x080003c0       0x24 CMakeFiles/miior.elf.dir/Drivers/STM32F1xx_HAL_Driver/Src/stm32f1xx_hal.c.obj
                0x080003c0                HAL_Init
 .text.HAL_IncTick
                0x080003e4       0x18 CMakeFiles/miior.elf.dir/Drivers/STM32F1xx_HAL_Driver/Src/stm32f1xx_hal.c.obj
                0x080003e4                HAL_IncTick
 .text.HAL_GetTick
                0x080003fc        0xc CMakeFiles/miior.elf.dir/Drivers/STM32F1xx_HAL_Driver/Src/stm32f1xx_hal.c.obj
                0x080003fc                HAL_GetTick
 .text.HAL_NVIC_SetPriorityGrouping
                0x08000408       0x24 CMakeFiles/miior.elf.dir/Drivers/STM32F1xx_HAL_Driver/Src/stm32f1xx_hal_cortex.c.obj
                0x08000408                HAL_NVIC_SetPriorityGrouping
 .text.HAL_NVIC_SetPriority
                0x0800042c       0x70 CMakeFiles/miior.elf.dir/Drivers/STM32F1xx_HAL_Driver/Src/stm32f1xx_hal_cortex.c.obj
                0x0800042c                HAL_NVIC_SetPriority
 .text.HAL_SYSTICK_Config
                0x0800049c       0x28 CMakeFiles/miior.elf.dir/Drivers/STM32F1xx_HAL_Driver/Src/stm32f1xx_hal_cortex.c.obj
                0x0800049c                HAL_SYSTICK_Config
 .text.HAL_GPIO_Init
                0x080004c4      0x224 CMakeFiles/miior.elf.dir/Drivers/STM32F1xx_HAL_Driver/Src/stm32f1xx_hal_gpio.c.obj
                0x080004c4                HAL_GPIO_Init
 .text.HAL_GPIO_WritePin
                0x080006e8        0xc CMakeFiles/miior.elf.dir/Drivers/STM32F1xx_HAL_Driver/Src/stm32f1xx_hal_gpio.c.obj
                0x080006e8                HAL_GPIO_WritePin
 .text.RCC_Delay
                0x080006f4       0x2c CMakeFiles/miior.elf.dir/Drivers/STM32F1xx_HAL_Driver/Src/stm32f1xx_hal_rcc.c.obj
 .text.HAL_RCC_OscConfig
                0x08000720      0x410 CMakeFiles/miior.elf.dir/Drivers/STM32F1xx_HAL_Driver/Src/stm32f1xx_hal_rcc.c.obj
                0x08000720                HAL_RCC_OscConfig
 .text.HAL_RCC_GetSysClockFreq
                0x08000b30       0x70 CMakeFiles/miior.elf.dir/Drivers/STM32F1xx_HAL_Driver/Src/stm32f1xx_hal_rcc.c.obj
                0x08000b30                HAL_RCC_GetSysClockFreq
 .text.HAL_RCC_ClockConfig
                0x08000ba0      0x16c CMakeFiles/miior.elf.dir/Drivers/STM32F1xx_HAL_Driver/Src/stm32f1xx_hal_rcc.c.obj
                0x08000ba0                HAL_RCC_ClockConfig
 .text.makeFreeRtosPriority
                0x08000d0c        0xc CMakeFiles/miior.elf.dir/Middlewares/Third_Party/FreeRTOS/Source/CMSIS_RTOS/cmsis_os.c.obj
 .text.osKernelStart
                0x08000d18        0xa CMakeFiles/miior.elf.dir/Middlewares/Third_Party/FreeRTOS/Source/CMSIS_RTOS/cmsis_os.c.obj
                0x08000d18                osKernelStart
 .text.osThreadCreate
                0x08000d22       0x6a CMakeFiles/miior.elf.dir/Middlewares/Third_Party/FreeRTOS/Source/CMSIS_RTOS/cmsis_os.c.obj
                0x08000d22                osThreadCreate
 .text.osDelay  0x08000d8c        0xe CMakeFiles/miior.elf.dir/Middlewares/Third_Party/FreeRTOS/Source/CMSIS_RTOS/cmsis_os.c.obj
                0x08000d8c                osDelay
 .text.vListInitialise
                0x08000d9a       0x16 CMakeFiles/miior.elf.dir/Middlewares/Third_Party/FreeRTOS/Source/list.c.obj
                0x08000d9a                vListInitialise
 .text.vListInitialiseItem
                0x08000db0        0x6 CMakeFiles/miior.elf.dir/Middlewares/Third_Party/FreeRTOS/Source/list.c.obj
                0x08000db0                vListInitialiseItem
 .text.vListInsertEnd
                0x08000db6       0x16 CMakeFiles/miior.elf.dir/Middlewares/Third_Party/FreeRTOS/Source/list.c.obj
                0x08000db6                vListInsertEnd
 .text.vListInsert
                0x08000dcc       0x32 CMakeFiles/miior.elf.dir/Middlewares/Third_Party/FreeRTOS/Source/list.c.obj
                0x08000dcc                vListInsert
 .text.uxListRemove
                0x08000dfe       0x26 CMakeFiles/miior.elf.dir/Middlewares/Third_Party/FreeRTOS/Source/list.c.obj
                0x08000dfe                uxListRemove
 .text.prvTaskExitError
                0x08000e24       0x40 CMakeFiles/miior.elf.dir/Middlewares/Third_Party/FreeRTOS/Source/portable/GCC/ARM_CM3/port.c.obj
 .text.prvPortStartFirstTask
                0x08000e64       0x20 CMakeFiles/miior.elf.dir/Middlewares/Third_Party/FreeRTOS/Source/portable/GCC/ARM_CM3/port.c.obj
 .text.pxPortInitialiseStack
                0x08000e84       0x24 CMakeFiles/miior.elf.dir/Middlewares/Third_Party/FreeRTOS/Source/portable/GCC/ARM_CM3/port.c.obj
                0x08000e84                pxPortInitialiseStack
 *fill*         0x08000ea8        0x8 
 .text.SVC_Handler
                0x08000eb0       0x24 CMakeFiles/miior.elf.dir/Middlewares/Third_Party/FreeRTOS/Source/portable/GCC/ARM_CM3/port.c.obj
                0x08000eb0                SVC_Handler
 .text.vPortEnterCritical
                0x08000ed4       0x44 CMakeFiles/miior.elf.dir/Middlewares/Third_Party/FreeRTOS/Source/portable/GCC/ARM_CM3/port.c.obj
                0x08000ed4                vPortEnterCritical
 .text.vPortExitCritical
                0x08000f18       0x2c CMakeFiles/miior.elf.dir/Middlewares/Third_Party/FreeRTOS/Source/portable/GCC/ARM_CM3/port.c.obj
                0x08000f18                vPortExitCritical
 *fill*         0x08000f44        0xc 
 .text.PendSV_Handler
                0x08000f50       0x44 CMakeFiles/miior.elf.dir/Middlewares/Third_Party/FreeRTOS/Source/portable/GCC/ARM_CM3/port.c.obj
                0x08000f50                PendSV_Handler
 .text.xPortSysTickHandler
                0x08000f94       0x2c CMakeFiles/miior.elf.dir/Middlewares/Third_Party/FreeRTOS/Source/portable/GCC/ARM_CM3/port.c.obj
                0x08000f94                xPortSysTickHandler
 .text.vPortSetupTimerInterrupt
                0x08000fc0       0x28 CMakeFiles/miior.elf.dir/Middlewares/Third_Party/FreeRTOS/Source/portable/GCC/ARM_CM3/port.c.obj
                0x08000fc0                vPortSetupTimerInterrupt
 .text.xPortStartScheduler
                0x08000fe8       0xc0 CMakeFiles/miior.elf.dir/Middlewares/Third_Party/FreeRTOS/Source/portable/GCC/ARM_CM3/port.c.obj
                0x08000fe8                xPortStartScheduler
 .text.prvHeapInit
                0x080010a8       0x64 CMakeFiles/miior.elf.dir/Middlewares/Third_Party/FreeRTOS/Source/portable/MemMang/heap_4.c.obj
 .text.prvInsertBlockIntoFreeList
                0x0800110c       0x60 CMakeFiles/miior.elf.dir/Middlewares/Third_Party/FreeRTOS/Source/portable/MemMang/heap_4.c.obj
 .text.pvPortMalloc
                0x0800116c       0xf0 CMakeFiles/miior.elf.dir/Middlewares/Third_Party/FreeRTOS/Source/portable/MemMang/heap_4.c.obj
                0x0800116c                pvPortMalloc
 .text.vPortFree
                0x0800125c       0x70 CMakeFiles/miior.elf.dir/Middlewares/Third_Party/FreeRTOS/Source/portable/MemMang/heap_4.c.obj
                0x0800125c                vPortFree
 .text.prvResetNextTaskUnblockTime
                0x080012cc       0x2c CMakeFiles/miior.elf.dir/Middlewares/Third_Party/FreeRTOS/Source/tasks.c.obj
 .text.prvInitialiseNewTask
                0x080012f8       0x94 CMakeFiles/miior.elf.dir/Middlewares/Third_Party/FreeRTOS/Source/tasks.c.obj
 .text.prvInitialiseTaskLists
                0x0800138c       0x68 CMakeFiles/miior.elf.dir/Middlewares/Third_Party/FreeRTOS/Source/tasks.c.obj
 .text.prvAddNewTaskToReadyList
                0x080013f4       0xa8 CMakeFiles/miior.elf.dir/Middlewares/Third_Party/FreeRTOS/Source/tasks.c.obj
 .text.prvDeleteTCB
                0x0800149c       0x38 CMakeFiles/miior.elf.dir/Middlewares/Third_Party/FreeRTOS/Source/tasks.c.obj
 .text.prvCheckTasksWaitingTermination
                0x080014d4       0x4c CMakeFiles/miior.elf.dir/Middlewares/Third_Party/FreeRTOS/Source/tasks.c.obj
 .text.prvIdleTask
                0x08001520       0x28 CMakeFiles/miior.elf.dir/Middlewares/Third_Party/FreeRTOS/Source/tasks.c.obj
 .text.prvAddCurrentTaskToDelayedList
                0x08001548       0x98 CMakeFiles/miior.elf.dir/Middlewares/Third_Party/FreeRTOS/Source/tasks.c.obj
 .text.xTaskCreateStatic
                0x080015e0       0x74 CMakeFiles/miior.elf.dir/Middlewares/Third_Party/FreeRTOS/Source/tasks.c.obj
                0x080015e0                xTaskCreateStatic
 .text.xTaskCreate
                0x08001654       0x68 CMakeFiles/miior.elf.dir/Middlewares/Third_Party/FreeRTOS/Source/tasks.c.obj
                0x08001654                xTaskCreate
 .text.vTaskStartScheduler
                0x080016bc       0x74 CMakeFiles/miior.elf.dir/Middlewares/Third_Party/FreeRTOS/Source/tasks.c.obj
                0x080016bc                vTaskStartScheduler
 .text.vTaskSuspendAll
                0x08001730       0x10 CMakeFiles/miior.elf.dir/Middlewares/Third_Party/FreeRTOS/Source/tasks.c.obj
                0x08001730                vTaskSuspendAll
 .text.xTaskIncrementTick
                0x08001740      0x118 CMakeFiles/miior.elf.dir/Middlewares/Third_Party/FreeRTOS/Source/tasks.c.obj
                0x08001740                xTaskIncrementTick
 .text.xTaskResumeAll
                0x08001858       0xf8 CMakeFiles/miior.elf.dir/Middlewares/Third_Party/FreeRTOS/Source/tasks.c.obj
                0x08001858                xTaskResumeAll
 .text.vTaskDelay
                0x08001950       0x4c CMakeFiles/miior.elf.dir/Middlewares/Third_Party/FreeRTOS/Source/tasks.c.obj
                0x08001950                vTaskDelay
 .text.vTaskSwitchContext
                0x0800199c       0x98 CMakeFiles/miior.elf.dir/Middlewares/Third_Party/FreeRTOS/Source/tasks.c.obj
                0x0800199c                vTaskSwitchContext
 .text.xTaskGetSchedulerState
                0x08001a34       0x20 CMakeFiles/miior.elf.dir/Middlewares/Third_Party/FreeRTOS/Source/tasks.c.obj
                0x08001a34                xTaskGetSchedulerState
 .text.Reset_Handler
                0x08001a54       0x48 CMakeFiles/miior.elf.dir/startup/startup_stm32f103xb.s.obj
                0x08001a54                Reset_Handler
 .text.Default_Handler
                0x08001a9c        0x2 CMakeFiles/miior.elf.dir/startup/startup_stm32f103xb.s.obj
                0x08001a9c                RTC_Alarm_IRQHandler
                0x08001a9c                EXTI2_IRQHandler
                0x08001a9c                TIM1_CC_IRQHandler
                0x08001a9c                PVD_IRQHandler
                0x08001a9c                EXTI3_IRQHandler
                0x08001a9c                EXTI0_IRQHandler
                0x08001a9c                I2C2_EV_IRQHandler
                0x08001a9c                ADC1_2_IRQHandler
                0x08001a9c                SPI1_IRQHandler
                0x08001a9c                TAMPER_IRQHandler
                0x08001a9c                DMA1_Channel4_IRQHandler
                0x08001a9c                USART3_IRQHandler
                0x08001a9c                RTC_IRQHandler
                0x08001a9c                DMA1_Channel7_IRQHandler
                0x08001a9c                CAN1_RX1_IRQHandler
                0x08001a9c                TIM4_IRQHandler
                0x08001a9c                I2C1_EV_IRQHandler
                0x08001a9c                DMA1_Channel6_IRQHandler
                0x08001a9c                TIM3_IRQHandler
                0x08001a9c                RCC_IRQHandler
                0x08001a9c                TIM1_TRG_COM_IRQHandler
                0x08001a9c                DMA1_Channel1_IRQHandler
                0x08001a9c                Default_Handler
                0x08001a9c                EXTI15_10_IRQHandler
                0x08001a9c                EXTI9_5_IRQHandler
                0x08001a9c                SPI2_IRQHandler
                0x08001a9c                DMA1_Channel5_IRQHandler
                0x08001a9c                EXTI4_IRQHandler
                0x08001a9c                USB_LP_CAN1_RX0_IRQHandler
                0x08001a9c                USB_HP_CAN1_TX_IRQHandler
                0x08001a9c                DMA1_Channel3_IRQHandler
                0x08001a9c                TIM1_UP_IRQHandler
                0x08001a9c                WWDG_IRQHandler
                0x08001a9c                TIM2_IRQHandler
                0x08001a9c                TIM1_BRK_IRQHandler
                0x08001a9c                EXTI1_IRQHandler
                0x08001a9c                USART2_IRQHandler
                0x08001a9c                I2C2_ER_IRQHandler
                0x08001a9c                DMA1_Channel2_IRQHandler
                0x08001a9c                CAN1_SCE_IRQHandler
                0x08001a9c                FLASH_IRQHandler
                0x08001a9c                USART1_IRQHandler
                0x08001a9c                I2C1_ER_IRQHandler
                0x08001a9c                USBWakeUp_IRQHandler
 *fill*         0x08001a9e        0x2 
 .text.__libc_init_array
                0x08001aa0       0x48 c:/progra~2/gnuarm~1/102021~1.10/bin/../lib/gcc/arm-none-eabi/10.3.1/../../../../arm-none-eabi/lib/thumb/v7-m/nofp\libg.a(lib_a-init.o)
                0x08001aa0                __libc_init_array
 .text.memset   0x08001ae8       0xa4 c:/progra~2/gnuarm~1/102021~1.10/bin/../lib/gcc/arm-none-eabi/10.3.1/../../../../arm-none-eabi/lib/thumb/v7-m/nofp\libg.a(lib_a-memset.o)
                0x08001ae8                memset
 .text.startup.register_fini
                0x08001b8c       0x14 c:/progra~2/gnuarm~1/102021~1.10/bin/../lib/gcc/arm-none-eabi/10.3.1/../../../../arm-none-eabi/lib/thumb/v7-m/nofp\libg.a(lib_a-__call_atexit.o)
 .text.atexit   0x08001ba0        0xc c:/progra~2/gnuarm~1/102021~1.10/bin/../lib/gcc/arm-none-eabi/10.3.1/../../../../arm-none-eabi/lib/thumb/v7-m/nofp\libg.a(lib_a-atexit.o)
                0x08001ba0                atexit
 .text.__libc_fini_array
                0x08001bac       0x2c c:/progra~2/gnuarm~1/102021~1.10/bin/../lib/gcc/arm-none-eabi/10.3.1/../../../../arm-none-eabi/lib/thumb/v7-m/nofp\libg.a(lib_a-fini.o)
                0x08001bac                __libc_fini_array
 .text.__retarget_lock_acquire_recursive
                0x08001bd8        0x4 c:/progra~2/gnuarm~1/102021~1.10/bin/../lib/gcc/arm-none-eabi/10.3.1/../../../../arm-none-eabi/lib/thumb/v7-m/nofp\libg.a(lib_a-lock.o)
                0x08001bd8                __retarget_lock_acquire_recursive
 .text.__retarget_lock_release_recursive
                0x08001bdc        0x4 c:/progra~2/gnuarm~1/102021~1.10/bin/../lib/gcc/arm-none-eabi/10.3.1/../../../../arm-none-eabi/lib/thumb/v7-m/nofp\libg.a(lib_a-lock.o)
                0x08001bdc                __retarget_lock_release_recursive
 .text.__register_exitproc
                0x08001be0       0x8c c:/progra~2/gnuarm~1/102021~1.10/bin/../lib/gcc/arm-none-eabi/10.3.1/../../../../arm-none-eabi/lib/thumb/v7-m/nofp\libg.a(lib_a-__atexit.o)
                0x08001be0                __register_exitproc
 *(.glue_7)
 .glue_7        0x08001c6c        0x0 linker stubs
 *(.glue_7t)
 .glue_7t       0x08001c6c        0x0 linker stubs
 *(.eh_frame)
 .eh_frame      0x08001c6c        0x0 c:/progra~2/gnuarm~1/102021~1.10/bin/../lib/gcc/arm-none-eabi/10.3.1/thumb/v7-m/nofp/crtbegin.o
 *(.init)
 .init          0x08001c6c        0x4 c:/progra~2/gnuarm~1/102021~1.10/bin/../lib/gcc/arm-none-eabi/10.3.1/thumb/v7-m/nofp/crti.o
                0x08001c6c                _init
 .init          0x08001c70        0x8 c:/progra~2/gnuarm~1/102021~1.10/bin/../lib/gcc/arm-none-eabi/10.3.1/thumb/v7-m/nofp/crtn.o
 *(.fini)
 .fini          0x08001c78        0x4 c:/progra~2/gnuarm~1/102021~1.10/bin/../lib/gcc/arm-none-eabi/10.3.1/thumb/v7-m/nofp/crti.o
                0x08001c78                _fini
 .fini          0x08001c7c        0x8 c:/progra~2/gnuarm~1/102021~1.10/bin/../lib/gcc/arm-none-eabi/10.3.1/thumb/v7-m/nofp/crtn.o
                0x08001c84                . = ALIGN (0x4)
                0x08001c84                _etext = .

.vfp11_veneer   0x08001c84        0x0
 .vfp11_veneer  0x08001c84        0x0 linker stubs

.v4_bx          0x08001c84        0x0
 .v4_bx         0x08001c84        0x0 linker stubs

.iplt           0x08001c84        0x0
 .iplt          0x08001c84        0x0 c:/progra~2/gnuarm~1/102021~1.10/bin/../lib/gcc/arm-none-eabi/10.3.1/thumb/v7-m/nofp/crtbegin.o

.rodata         0x08001c84       0x7c
                0x08001c84                . = ALIGN (0x4)
 *(.rodata)
 .rodata        0x08001c84       0x38 CMakeFiles/miior.elf.dir/Core/Src/freertos.c.obj
 *(.rodata*)
 .rodata.str1.4
                0x08001cbc       0x14 CMakeFiles/miior.elf.dir/Core/Src/freertos.c.obj
 .rodata.AHBPrescTable
                0x08001cd0       0x10 CMakeFiles/miior.elf.dir/Core/Src/system_stm32f1xx.c.obj
                0x08001cd0                AHBPrescTable
 .rodata.HAL_RCC_GetSysClockFreq.str1.4
                0x08001ce0       0x11 CMakeFiles/miior.elf.dir/Drivers/STM32F1xx_HAL_Driver/Src/stm32f1xx_hal_rcc.c.obj
 *fill*         0x08001cf1        0x3 
 .rodata.vTaskStartScheduler.str1.4
                0x08001cf4        0x5 CMakeFiles/miior.elf.dir/Middlewares/Third_Party/FreeRTOS/Source/tasks.c.obj
 *fill*         0x08001cf9        0x3 
 .rodata._global_impure_ptr
                0x08001cfc        0x4 c:/progra~2/gnuarm~1/102021~1.10/bin/../lib/gcc/arm-none-eabi/10.3.1/../../../../arm-none-eabi/lib/thumb/v7-m/nofp\libg.a(lib_a-impure.o)
                0x08001cfc                _global_impure_ptr
                0x08001d00                . = ALIGN (0x4)

.rel.dyn        0x08001d00        0x0
 .rel.iplt      0x08001d00        0x0 c:/progra~2/gnuarm~1/102021~1.10/bin/../lib/gcc/arm-none-eabi/10.3.1/thumb/v7-m/nofp/crtbegin.o

.ARM.extab
 *(.ARM.extab* .gnu.linkonce.armextab.*)

.ARM            0x08001d00        0x0
                0x08001d00                __exidx_start = .
 *(.ARM.exidx*)
                0x08001d00                __exidx_end = .

.preinit_array  0x08001d00        0x0
                0x08001d00                PROVIDE (__preinit_array_start = .)
 *(.preinit_array*)
                0x08001d00                PROVIDE (__preinit_array_end = .)

.init_array     0x08001d00        0x8
                0x08001d00                PROVIDE (__init_array_start = .)
 *(SORT_BY_NAME(.init_array.*))
 .init_array.00000
                0x08001d00        0x4 c:/progra~2/gnuarm~1/102021~1.10/bin/../lib/gcc/arm-none-eabi/10.3.1/../../../../arm-none-eabi/lib/thumb/v7-m/nofp\libg.a(lib_a-__call_atexit.o)
 *(.init_array*)
 .init_array    0x08001d04        0x4 c:/progra~2/gnuarm~1/102021~1.10/bin/../lib/gcc/arm-none-eabi/10.3.1/thumb/v7-m/nofp/crtbegin.o
                0x08001d08                PROVIDE (__init_array_end = .)

.fini_array     0x08001d08        0x4
                0x08001d08                PROVIDE (__fini_array_start = .)
 *(SORT_BY_NAME(.fini_array.*))
 *(.fini_array*)
 .fini_array    0x08001d08        0x4 c:/progra~2/gnuarm~1/102021~1.10/bin/../lib/gcc/arm-none-eabi/10.3.1/thumb/v7-m/nofp/crtbegin.o
                0x08001d0c                PROVIDE (__fini_array_end = .)
                0x08001d0c                _sidata = LOADADDR (.data)

.data           0x20000000      0x43c load address 0x08001d0c
                0x20000000                . = ALIGN (0x4)
                0x20000000                _sdata = .
 *(.data)
 *(.data*)
 .data.SystemCoreClock
                0x20000000        0x4 CMakeFiles/miior.elf.dir/Core/Src/system_stm32f1xx.c.obj
                0x20000000                SystemCoreClock
 .data.uwTickFreq
                0x20000004        0x1 CMakeFiles/miior.elf.dir/Drivers/STM32F1xx_HAL_Driver/Src/stm32f1xx_hal.c.obj
                0x20000004                uwTickFreq
 *fill*         0x20000005        0x3 
 .data.uwTickPrio
                0x20000008        0x4 CMakeFiles/miior.elf.dir/Drivers/STM32F1xx_HAL_Driver/Src/stm32f1xx_hal.c.obj
                0x20000008                uwTickPrio
 .data.uxCriticalNesting
                0x2000000c        0x4 CMakeFiles/miior.elf.dir/Middlewares/Third_Party/FreeRTOS/Source/portable/GCC/ARM_CM3/port.c.obj
 .data.impure_data
                0x20000010      0x428 c:/progra~2/gnuarm~1/102021~1.10/bin/../lib/gcc/arm-none-eabi/10.3.1/../../../../arm-none-eabi/lib/thumb/v7-m/nofp\libg.a(lib_a-impure.o)
 .data.__atexit_recursive_mutex
                0x20000438        0x4 c:/progra~2/gnuarm~1/102021~1.10/bin/../lib/gcc/arm-none-eabi/10.3.1/../../../../arm-none-eabi/lib/thumb/v7-m/nofp\libg.a(lib_a-__call_atexit.o)
                0x20000438                __atexit_recursive_mutex
                0x2000043c                . = ALIGN (0x4)
                0x2000043c                _edata = .

.igot.plt       0x2000043c        0x0 load address 0x08002148
 .igot.plt      0x2000043c        0x0 c:/progra~2/gnuarm~1/102021~1.10/bin/../lib/gcc/arm-none-eabi/10.3.1/thumb/v7-m/nofp/crtbegin.o
                0x2000043c                . = ALIGN (0x4)

.bss            0x2000043c      0xfcc load address 0x08002148
                0x2000043c                _sbss = .
                0x2000043c                __bss_start__ = _sbss
 *(.bss)
 .bss           0x2000043c       0x1c c:/progra~2/gnuarm~1/102021~1.10/bin/../lib/gcc/arm-none-eabi/10.3.1/thumb/v7-m/nofp/crtbegin.o
 *(.bss*)
 .bss.defaultTaskHandle
                0x20000458        0x4 CMakeFiles/miior.elf.dir/Core/Src/freertos.c.obj
                0x20000458                defaultTaskHandle
 .bss.ledTaskHandle
                0x2000045c        0x4 CMakeFiles/miior.elf.dir/Core/Src/freertos.c.obj
                0x2000045c                ledTaskHandle
 .bss.xIdleStack
                0x20000460      0x200 CMakeFiles/miior.elf.dir/Core/Src/freertos.c.obj
 .bss.xIdleTaskTCBBuffer
                0x20000660       0x54 CMakeFiles/miior.elf.dir/Core/Src/freertos.c.obj
 .bss.uwTick    0x200006b4        0x4 CMakeFiles/miior.elf.dir/Drivers/STM32F1xx_HAL_Driver/Src/stm32f1xx_hal.c.obj
                0x200006b4                uwTick
 .bss.ucMaxSysCallPriority
                0x200006b8        0x1 CMakeFiles/miior.elf.dir/Middlewares/Third_Party/FreeRTOS/Source/portable/GCC/ARM_CM3/port.c.obj
 *fill*         0x200006b9        0x3 
 .bss.ulMaxPRIGROUPValue
                0x200006bc        0x4 CMakeFiles/miior.elf.dir/Middlewares/Third_Party/FreeRTOS/Source/portable/GCC/ARM_CM3/port.c.obj
 .bss.pxEnd     0x200006c0        0x4 CMakeFiles/miior.elf.dir/Middlewares/Third_Party/FreeRTOS/Source/portable/MemMang/heap_4.c.obj
 .bss.ucHeap    0x200006c4      0xc00 CMakeFiles/miior.elf.dir/Middlewares/Third_Party/FreeRTOS/Source/portable/MemMang/heap_4.c.obj
 .bss.xBlockAllocatedBit
                0x200012c4        0x4 CMakeFiles/miior.elf.dir/Middlewares/Third_Party/FreeRTOS/Source/portable/MemMang/heap_4.c.obj
 .bss.xFreeBytesRemaining
                0x200012c8        0x4 CMakeFiles/miior.elf.dir/Middlewares/Third_Party/FreeRTOS/Source/portable/MemMang/heap_4.c.obj
 .bss.xMinimumEverFreeBytesRemaining
                0x200012cc        0x4 CMakeFiles/miior.elf.dir/Middlewares/Third_Party/FreeRTOS/Source/portable/MemMang/heap_4.c.obj
 .bss.xStart    0x200012d0        0x8 CMakeFiles/miior.elf.dir/Middlewares/Third_Party/FreeRTOS/Source/portable/MemMang/heap_4.c.obj
 .bss.pxCurrentTCB
                0x200012d8        0x4 CMakeFiles/miior.elf.dir/Middlewares/Third_Party/FreeRTOS/Source/tasks.c.obj
                0x200012d8                pxCurrentTCB
 .bss.pxDelayedTaskList
                0x200012dc        0x4 CMakeFiles/miior.elf.dir/Middlewares/Third_Party/FreeRTOS/Source/tasks.c.obj
 .bss.pxOverflowDelayedTaskList
                0x200012e0        0x4 CMakeFiles/miior.elf.dir/Middlewares/Third_Party/FreeRTOS/Source/tasks.c.obj
 .bss.pxReadyTasksLists
                0x200012e4       0x8c CMakeFiles/miior.elf.dir/Middlewares/Third_Party/FreeRTOS/Source/tasks.c.obj
 .bss.uxCurrentNumberOfTasks
                0x20001370        0x4 CMakeFiles/miior.elf.dir/Middlewares/Third_Party/FreeRTOS/Source/tasks.c.obj
 .bss.uxDeletedTasksWaitingCleanUp
                0x20001374        0x4 CMakeFiles/miior.elf.dir/Middlewares/Third_Party/FreeRTOS/Source/tasks.c.obj
 .bss.uxPendedTicks
                0x20001378        0x4 CMakeFiles/miior.elf.dir/Middlewares/Third_Party/FreeRTOS/Source/tasks.c.obj
 .bss.uxSchedulerSuspended
                0x2000137c        0x4 CMakeFiles/miior.elf.dir/Middlewares/Third_Party/FreeRTOS/Source/tasks.c.obj
 .bss.uxTaskNumber
                0x20001380        0x4 CMakeFiles/miior.elf.dir/Middlewares/Third_Party/FreeRTOS/Source/tasks.c.obj
 .bss.uxTopReadyPriority
                0x20001384        0x4 CMakeFiles/miior.elf.dir/Middlewares/Third_Party/FreeRTOS/Source/tasks.c.obj
 .bss.xDelayedTaskList1
                0x20001388       0x14 CMakeFiles/miior.elf.dir/Middlewares/Third_Party/FreeRTOS/Source/tasks.c.obj
 .bss.xDelayedTaskList2
                0x2000139c       0x14 CMakeFiles/miior.elf.dir/Middlewares/Third_Party/FreeRTOS/Source/tasks.c.obj
 .bss.xIdleTaskHandle
                0x200013b0        0x4 CMakeFiles/miior.elf.dir/Middlewares/Third_Party/FreeRTOS/Source/tasks.c.obj
 .bss.xNextTaskUnblockTime
                0x200013b4        0x4 CMakeFiles/miior.elf.dir/Middlewares/Third_Party/FreeRTOS/Source/tasks.c.obj
 .bss.xNumOfOverflows
                0x200013b8        0x4 CMakeFiles/miior.elf.dir/Middlewares/Third_Party/FreeRTOS/Source/tasks.c.obj
 .bss.xPendingReadyList
                0x200013bc       0x14 CMakeFiles/miior.elf.dir/Middlewares/Third_Party/FreeRTOS/Source/tasks.c.obj
 .bss.xSchedulerRunning
                0x200013d0        0x4 CMakeFiles/miior.elf.dir/Middlewares/Third_Party/FreeRTOS/Source/tasks.c.obj
 .bss.xSuspendedTaskList
                0x200013d4       0x14 CMakeFiles/miior.elf.dir/Middlewares/Third_Party/FreeRTOS/Source/tasks.c.obj
 .bss.xTasksWaitingTermination
                0x200013e8       0x14 CMakeFiles/miior.elf.dir/Middlewares/Third_Party/FreeRTOS/Source/tasks.c.obj
 .bss.xTickCount
                0x200013fc        0x4 CMakeFiles/miior.elf.dir/Middlewares/Third_Party/FreeRTOS/Source/tasks.c.obj
 .bss.xYieldPending
                0x20001400        0x4 CMakeFiles/miior.elf.dir/Middlewares/Third_Party/FreeRTOS/Source/tasks.c.obj
 .bss.__lock___atexit_recursive_mutex
                0x20001404        0x1 c:/progra~2/gnuarm~1/102021~1.10/bin/../lib/gcc/arm-none-eabi/10.3.1/../../../../arm-none-eabi/lib/thumb/v7-m/nofp\libg.a(lib_a-lock.o)
                0x20001404                __lock___atexit_recursive_mutex
 *(COMMON)
                0x20001408                . = ALIGN (0x4)
 *fill*         0x20001405        0x3 
                0x20001408                _ebss = .
                0x20001408                __bss_end__ = _ebss

._user_heap_stack
                0x20001408      0x600 load address 0x08002148
                0x20001408                . = ALIGN (0x8)
                0x20001408                PROVIDE (end = .)
                [!provide]                PROVIDE (_end = .)
                0x20001608                . = (. + _Min_Heap_Size)
 *fill*         0x20001408      0x200 
                0x20001a08                . = (. + _Min_Stack_Size)
 *fill*         0x20001608      0x400 
                0x20001a08                . = ALIGN (0x8)

/DISCARD/
 libc.a(*)
 libm.a(*)
 libgcc.a(*)

.ARM.attributes
                0x00000000       0x29
 *(.ARM.attributes)
 .ARM.attributes
                0x00000000       0x1d c:/progra~2/gnuarm~1/102021~1.10/bin/../lib/gcc/arm-none-eabi/10.3.1/thumb/v7-m/nofp/crti.o
 .ARM.attributes
                0x0000001d       0x2d c:/progra~2/gnuarm~1/102021~1.10/bin/../lib/gcc/arm-none-eabi/10.3.1/thumb/v7-m/nofp/crtbegin.o
 .ARM.attributes
                0x0000004a       0x2d CMakeFiles/miior.elf.dir/Core/Src/freertos.c.obj
 .ARM.attributes
                0x00000077       0x2d CMakeFiles/miior.elf.dir/Core/Src/gpio.c.obj
 .ARM.attributes
                0x000000a4       0x2d CMakeFiles/miior.elf.dir/Core/Src/main.c.obj
 .ARM.attributes
                0x000000d1       0x2d CMakeFiles/miior.elf.dir/Core/Src/stm32f1xx_hal_msp.c.obj
 .ARM.attributes
                0x000000fe       0x2d CMakeFiles/miior.elf.dir/Core/Src/stm32f1xx_it.c.obj
 .ARM.attributes
                0x0000012b       0x2d CMakeFiles/miior.elf.dir/Core/Src/system_stm32f1xx.c.obj
 .ARM.attributes
                0x00000158       0x2d CMakeFiles/miior.elf.dir/Drivers/STM32F1xx_HAL_Driver/Src/stm32f1xx_hal.c.obj
 .ARM.attributes
                0x00000185       0x2d CMakeFiles/miior.elf.dir/Drivers/STM32F1xx_HAL_Driver/Src/stm32f1xx_hal_cortex.c.obj
 .ARM.attributes
                0x000001b2       0x2d CMakeFiles/miior.elf.dir/Drivers/STM32F1xx_HAL_Driver/Src/stm32f1xx_hal_gpio.c.obj
 .ARM.attributes
                0x000001df       0x2d CMakeFiles/miior.elf.dir/Drivers/STM32F1xx_HAL_Driver/Src/stm32f1xx_hal_rcc.c.obj
 .ARM.attributes
                0x0000020c       0x2d CMakeFiles/miior.elf.dir/Middlewares/Third_Party/FreeRTOS/Source/CMSIS_RTOS/cmsis_os.c.obj
 .ARM.attributes
                0x00000239       0x2d CMakeFiles/miior.elf.dir/Middlewares/Third_Party/FreeRTOS/Source/list.c.obj
 .ARM.attributes
                0x00000266       0x2d CMakeFiles/miior.elf.dir/Middlewares/Third_Party/FreeRTOS/Source/portable/GCC/ARM_CM3/port.c.obj
 .ARM.attributes
                0x00000293       0x2d CMakeFiles/miior.elf.dir/Middlewares/Third_Party/FreeRTOS/Source/portable/MemMang/heap_4.c.obj
 .ARM.attributes
                0x000002c0       0x2d CMakeFiles/miior.elf.dir/Middlewares/Third_Party/FreeRTOS/Source/tasks.c.obj
 .ARM.attributes
                0x000002ed       0x21 CMakeFiles/miior.elf.dir/startup/startup_stm32f103xb.s.obj
 .ARM.attributes
                0x0000030e       0x2d c:/progra~2/gnuarm~1/102021~1.10/bin/../lib/gcc/arm-none-eabi/10.3.1/../../../../arm-none-eabi/lib/thumb/v7-m/nofp\libg.a(lib_a-impure.o)
 .ARM.attributes
                0x0000033b       0x2d c:/progra~2/gnuarm~1/102021~1.10/bin/../lib/gcc/arm-none-eabi/10.3.1/../../../../arm-none-eabi/lib/thumb/v7-m/nofp\libg.a(lib_a-init.o)
 .ARM.attributes
                0x00000368       0x2d c:/progra~2/gnuarm~1/102021~1.10/bin/../lib/gcc/arm-none-eabi/10.3.1/../../../../arm-none-eabi/lib/thumb/v7-m/nofp\libg.a(lib_a-memset.o)
 .ARM.attributes
                0x00000395       0x2d c:/progra~2/gnuarm~1/102021~1.10/bin/../lib/gcc/arm-none-eabi/10.3.1/../../../../arm-none-eabi/lib/thumb/v7-m/nofp\libg.a(lib_a-__call_atexit.o)
 .ARM.attributes
                0x000003c2       0x2d c:/progra~2/gnuarm~1/102021~1.10/bin/../lib/gcc/arm-none-eabi/10.3.1/../../../../arm-none-eabi/lib/thumb/v7-m/nofp\libg.a(lib_a-atexit.o)
 .ARM.attributes
                0x000003ef       0x2d c:/progra~2/gnuarm~1/102021~1.10/bin/../lib/gcc/arm-none-eabi/10.3.1/../../../../arm-none-eabi/lib/thumb/v7-m/nofp\libg.a(lib_a-fini.o)
 .ARM.attributes
                0x0000041c       0x2d c:/progra~2/gnuarm~1/102021~1.10/bin/../lib/gcc/arm-none-eabi/10.3.1/../../../../arm-none-eabi/lib/thumb/v7-m/nofp\libg.a(lib_a-lock.o)
 .ARM.attributes
                0x00000449       0x2d c:/progra~2/gnuarm~1/102021~1.10/bin/../lib/gcc/arm-none-eabi/10.3.1/../../../../arm-none-eabi/lib/thumb/v7-m/nofp\libg.a(lib_a-__atexit.o)
 .ARM.attributes
                0x00000476       0x1d c:/progra~2/gnuarm~1/102021~1.10/bin/../lib/gcc/arm-none-eabi/10.3.1/thumb/v7-m/nofp/crtn.o
OUTPUT(miior.elf elf32-littlearm)
LOAD linker stubs
LOAD c:/progra~2/gnuarm~1/102021~1.10/bin/../lib/gcc/arm-none-eabi/10.3.1/../../../../arm-none-eabi/lib/thumb/v7-m/nofp\libc.a
LOAD c:/progra~2/gnuarm~1/102021~1.10/bin/../lib/gcc/arm-none-eabi/10.3.1/../../../../arm-none-eabi/lib/thumb/v7-m/nofp\libm.a
LOAD c:/progra~2/gnuarm~1/102021~1.10/bin/../lib/gcc/arm-none-eabi/10.3.1/thumb/v7-m/nofp\libgcc.a

.debug_info     0x00000000     0x8faa
 .debug_info    0x00000000      0x5d1 CMakeFiles/miior.elf.dir/Core/Src/freertos.c.obj
 .debug_info    0x000005d1      0x2f3 CMakeFiles/miior.elf.dir/Core/Src/gpio.c.obj
 .debug_info    0x000008c4      0x336 CMakeFiles/miior.elf.dir/Core/Src/main.c.obj
 .debug_info    0x00000bfa      0x387 CMakeFiles/miior.elf.dir/Core/Src/stm32f1xx_hal_msp.c.obj
 .debug_info    0x00000f81      0x14a CMakeFiles/miior.elf.dir/Core/Src/stm32f1xx_it.c.obj
 .debug_info    0x000010cb      0x248 CMakeFiles/miior.elf.dir/Core/Src/system_stm32f1xx.c.obj
 .debug_info    0x00001313      0x7a8 CMakeFiles/miior.elf.dir/Drivers/STM32F1xx_HAL_Driver/Src/stm32f1xx_hal.c.obj
 .debug_info    0x00001abb      0xd8a CMakeFiles/miior.elf.dir/Drivers/STM32F1xx_HAL_Driver/Src/stm32f1xx_hal_cortex.c.obj
 .debug_info    0x00002845      0x66f CMakeFiles/miior.elf.dir/Drivers/STM32F1xx_HAL_Driver/Src/stm32f1xx_hal_gpio.c.obj
 .debug_info    0x00002eb4      0xa36 CMakeFiles/miior.elf.dir/Drivers/STM32F1xx_HAL_Driver/Src/stm32f1xx_hal_rcc.c.obj
 .debug_info    0x000038ea     0x220a CMakeFiles/miior.elf.dir/Middlewares/Third_Party/FreeRTOS/Source/CMSIS_RTOS/cmsis_os.c.obj
 .debug_info    0x00005af4      0x2da CMakeFiles/miior.elf.dir/Middlewares/Third_Party/FreeRTOS/Source/list.c.obj
 .debug_info    0x00005dce      0x52b CMakeFiles/miior.elf.dir/Middlewares/Third_Party/FreeRTOS/Source/portable/GCC/ARM_CM3/port.c.obj
 .debug_info    0x000062f9      0x471 CMakeFiles/miior.elf.dir/Middlewares/Third_Party/FreeRTOS/Source/portable/MemMang/heap_4.c.obj
 .debug_info    0x0000676a     0x281e CMakeFiles/miior.elf.dir/Middlewares/Third_Party/FreeRTOS/Source/tasks.c.obj
 .debug_info    0x00008f88       0x22 CMakeFiles/miior.elf.dir/startup/startup_stm32f103xb.s.obj

.debug_abbrev   0x00000000     0x1d1d
 .debug_abbrev  0x00000000      0x1ac CMakeFiles/miior.elf.dir/Core/Src/freertos.c.obj
 .debug_abbrev  0x000001ac      0x13c CMakeFiles/miior.elf.dir/Core/Src/gpio.c.obj
 .debug_abbrev  0x000002e8      0x162 CMakeFiles/miior.elf.dir/Core/Src/main.c.obj
 .debug_abbrev  0x0000044a      0x12d CMakeFiles/miior.elf.dir/Core/Src/stm32f1xx_hal_msp.c.obj
 .debug_abbrev  0x00000577       0xa0 CMakeFiles/miior.elf.dir/Core/Src/stm32f1xx_it.c.obj
 .debug_abbrev  0x00000617      0x13e CMakeFiles/miior.elf.dir/Core/Src/system_stm32f1xx.c.obj
 .debug_abbrev  0x00000755      0x1f4 CMakeFiles/miior.elf.dir/Drivers/STM32F1xx_HAL_Driver/Src/stm32f1xx_hal.c.obj
 .debug_abbrev  0x00000949      0x341 CMakeFiles/miior.elf.dir/Drivers/STM32F1xx_HAL_Driver/Src/stm32f1xx_hal_cortex.c.obj
 .debug_abbrev  0x00000c8a      0x1e6 CMakeFiles/miior.elf.dir/Drivers/STM32F1xx_HAL_Driver/Src/stm32f1xx_hal_gpio.c.obj
 .debug_abbrev  0x00000e70      0x27a CMakeFiles/miior.elf.dir/Drivers/STM32F1xx_HAL_Driver/Src/stm32f1xx_hal_rcc.c.obj
 .debug_abbrev  0x000010ea      0x352 CMakeFiles/miior.elf.dir/Middlewares/Third_Party/FreeRTOS/Source/CMSIS_RTOS/cmsis_os.c.obj
 .debug_abbrev  0x0000143c      0x106 CMakeFiles/miior.elf.dir/Middlewares/Third_Party/FreeRTOS/Source/list.c.obj
 .debug_abbrev  0x00001542      0x27e CMakeFiles/miior.elf.dir/Middlewares/Third_Party/FreeRTOS/Source/portable/GCC/ARM_CM3/port.c.obj
 .debug_abbrev  0x000017c0      0x238 CMakeFiles/miior.elf.dir/Middlewares/Third_Party/FreeRTOS/Source/portable/MemMang/heap_4.c.obj
 .debug_abbrev  0x000019f8      0x313 CMakeFiles/miior.elf.dir/Middlewares/Third_Party/FreeRTOS/Source/tasks.c.obj
 .debug_abbrev  0x00001d0b       0x12 CMakeFiles/miior.elf.dir/startup/startup_stm32f103xb.s.obj

.debug_loc      0x00000000     0x49f3
 .debug_loc     0x00000000       0x4a CMakeFiles/miior.elf.dir/Core/Src/freertos.c.obj
 .debug_loc     0x0000004a       0x15 CMakeFiles/miior.elf.dir/Core/Src/stm32f1xx_hal_msp.c.obj
 .debug_loc     0x0000005f       0xff CMakeFiles/miior.elf.dir/Core/Src/system_stm32f1xx.c.obj
 .debug_loc     0x0000015e      0x141 CMakeFiles/miior.elf.dir/Drivers/STM32F1xx_HAL_Driver/Src/stm32f1xx_hal.c.obj
 .debug_loc     0x0000029f      0x71f CMakeFiles/miior.elf.dir/Drivers/STM32F1xx_HAL_Driver/Src/stm32f1xx_hal_cortex.c.obj
 .debug_loc     0x000009be      0x47d CMakeFiles/miior.elf.dir/Drivers/STM32F1xx_HAL_Driver/Src/stm32f1xx_hal_gpio.c.obj
 .debug_loc     0x00000e3b      0x63e CMakeFiles/miior.elf.dir/Drivers/STM32F1xx_HAL_Driver/Src/stm32f1xx_hal_rcc.c.obj
 .debug_loc     0x00001479     0x12e6 CMakeFiles/miior.elf.dir/Middlewares/Third_Party/FreeRTOS/Source/CMSIS_RTOS/cmsis_os.c.obj
 .debug_loc     0x0000275f       0xad CMakeFiles/miior.elf.dir/Middlewares/Third_Party/FreeRTOS/Source/list.c.obj
 .debug_loc     0x0000280c       0xe8 CMakeFiles/miior.elf.dir/Middlewares/Third_Party/FreeRTOS/Source/portable/GCC/ARM_CM3/port.c.obj
 .debug_loc     0x000028f4      0x331 CMakeFiles/miior.elf.dir/Middlewares/Third_Party/FreeRTOS/Source/portable/MemMang/heap_4.c.obj
 .debug_loc     0x00002c25     0x1dce CMakeFiles/miior.elf.dir/Middlewares/Third_Party/FreeRTOS/Source/tasks.c.obj

.debug_aranges  0x00000000      0x828
 .debug_aranges
                0x00000000       0x38 CMakeFiles/miior.elf.dir/Core/Src/freertos.c.obj
 .debug_aranges
                0x00000038       0x20 CMakeFiles/miior.elf.dir/Core/Src/gpio.c.obj
 .debug_aranges
                0x00000058       0x30 CMakeFiles/miior.elf.dir/Core/Src/main.c.obj
 .debug_aranges
                0x00000088       0x20 CMakeFiles/miior.elf.dir/Core/Src/stm32f1xx_hal_msp.c.obj
 .debug_aranges
                0x000000a8       0x50 CMakeFiles/miior.elf.dir/Core/Src/stm32f1xx_it.c.obj
 .debug_aranges
                0x000000f8       0x28 CMakeFiles/miior.elf.dir/Core/Src/system_stm32f1xx.c.obj
 .debug_aranges
                0x00000120       0xe0 CMakeFiles/miior.elf.dir/Drivers/STM32F1xx_HAL_Driver/Src/stm32f1xx_hal.c.obj
 .debug_aranges
                0x00000200       0x90 CMakeFiles/miior.elf.dir/Drivers/STM32F1xx_HAL_Driver/Src/stm32f1xx_hal_cortex.c.obj
 .debug_aranges
                0x00000290       0x58 CMakeFiles/miior.elf.dir/Drivers/STM32F1xx_HAL_Driver/Src/stm32f1xx_hal_gpio.c.obj
 .debug_aranges
                0x000002e8       0x90 CMakeFiles/miior.elf.dir/Drivers/STM32F1xx_HAL_Driver/Src/stm32f1xx_hal_rcc.c.obj
 .debug_aranges
                0x00000378      0x1d8 CMakeFiles/miior.elf.dir/Middlewares/Third_Party/FreeRTOS/Source/CMSIS_RTOS/cmsis_os.c.obj
 .debug_aranges
                0x00000550       0x40 CMakeFiles/miior.elf.dir/Middlewares/Third_Party/FreeRTOS/Source/list.c.obj
 .debug_aranges
                0x00000590       0x78 CMakeFiles/miior.elf.dir/Middlewares/Third_Party/FreeRTOS/Source/portable/GCC/ARM_CM3/port.c.obj
 .debug_aranges
                0x00000608       0x50 CMakeFiles/miior.elf.dir/Middlewares/Third_Party/FreeRTOS/Source/portable/MemMang/heap_4.c.obj
 .debug_aranges
                0x00000658      0x1a8 CMakeFiles/miior.elf.dir/Middlewares/Third_Party/FreeRTOS/Source/tasks.c.obj
 .debug_aranges
                0x00000800       0x28 CMakeFiles/miior.elf.dir/startup/startup_stm32f103xb.s.obj

.debug_ranges   0x00000000      0x880
 .debug_ranges  0x00000000       0x28 CMakeFiles/miior.elf.dir/Core/Src/freertos.c.obj
 .debug_ranges  0x00000028       0x10 CMakeFiles/miior.elf.dir/Core/Src/gpio.c.obj
 .debug_ranges  0x00000038       0x20 CMakeFiles/miior.elf.dir/Core/Src/main.c.obj
 .debug_ranges  0x00000058       0x10 CMakeFiles/miior.elf.dir/Core/Src/stm32f1xx_hal_msp.c.obj
 .debug_ranges  0x00000068       0x40 CMakeFiles/miior.elf.dir/Core/Src/stm32f1xx_it.c.obj
 .debug_ranges  0x000000a8       0x18 CMakeFiles/miior.elf.dir/Core/Src/system_stm32f1xx.c.obj
 .debug_ranges  0x000000c0       0xd0 CMakeFiles/miior.elf.dir/Drivers/STM32F1xx_HAL_Driver/Src/stm32f1xx_hal.c.obj
 .debug_ranges  0x00000190       0xe0 CMakeFiles/miior.elf.dir/Drivers/STM32F1xx_HAL_Driver/Src/stm32f1xx_hal_cortex.c.obj
 .debug_ranges  0x00000270       0x48 CMakeFiles/miior.elf.dir/Drivers/STM32F1xx_HAL_Driver/Src/stm32f1xx_hal_gpio.c.obj
 .debug_ranges  0x000002b8       0xa0 CMakeFiles/miior.elf.dir/Drivers/STM32F1xx_HAL_Driver/Src/stm32f1xx_hal_rcc.c.obj
 .debug_ranges  0x00000358      0x1c8 CMakeFiles/miior.elf.dir/Middlewares/Third_Party/FreeRTOS/Source/CMSIS_RTOS/cmsis_os.c.obj
 .debug_ranges  0x00000520       0x30 CMakeFiles/miior.elf.dir/Middlewares/Third_Party/FreeRTOS/Source/list.c.obj
 .debug_ranges  0x00000550       0x68 CMakeFiles/miior.elf.dir/Middlewares/Third_Party/FreeRTOS/Source/portable/GCC/ARM_CM3/port.c.obj
 .debug_ranges  0x000005b8       0x40 CMakeFiles/miior.elf.dir/Middlewares/Third_Party/FreeRTOS/Source/portable/MemMang/heap_4.c.obj
 .debug_ranges  0x000005f8      0x268 CMakeFiles/miior.elf.dir/Middlewares/Third_Party/FreeRTOS/Source/tasks.c.obj
 .debug_ranges  0x00000860       0x20 CMakeFiles/miior.elf.dir/startup/startup_stm32f103xb.s.obj

.debug_line     0x00000000     0x7416
 .debug_line    0x00000000      0x3ad CMakeFiles/miior.elf.dir/Core/Src/freertos.c.obj
 .debug_line    0x000003ad      0x1f2 CMakeFiles/miior.elf.dir/Core/Src/gpio.c.obj
 .debug_line    0x0000059f      0x368 CMakeFiles/miior.elf.dir/Core/Src/main.c.obj
 .debug_line    0x00000907      0x1d9 CMakeFiles/miior.elf.dir/Core/Src/stm32f1xx_hal_msp.c.obj
 .debug_line    0x00000ae0      0x2a7 CMakeFiles/miior.elf.dir/Core/Src/stm32f1xx_it.c.obj
 .debug_line    0x00000d87      0x246 CMakeFiles/miior.elf.dir/Core/Src/system_stm32f1xx.c.obj
 .debug_line    0x00000fcd      0x56e CMakeFiles/miior.elf.dir/Drivers/STM32F1xx_HAL_Driver/Src/stm32f1xx_hal.c.obj
 .debug_line    0x0000153b      0x659 CMakeFiles/miior.elf.dir/Drivers/STM32F1xx_HAL_Driver/Src/stm32f1xx_hal_cortex.c.obj
 .debug_line    0x00001b94      0x603 CMakeFiles/miior.elf.dir/Drivers/STM32F1xx_HAL_Driver/Src/stm32f1xx_hal_gpio.c.obj
 .debug_line    0x00002197      0xc4c CMakeFiles/miior.elf.dir/Drivers/STM32F1xx_HAL_Driver/Src/stm32f1xx_hal_rcc.c.obj
 .debug_line    0x00002de3     0x11e5 CMakeFiles/miior.elf.dir/Middlewares/Third_Party/FreeRTOS/Source/CMSIS_RTOS/cmsis_os.c.obj
 .debug_line    0x00003fc8      0x394 CMakeFiles/miior.elf.dir/Middlewares/Third_Party/FreeRTOS/Source/list.c.obj
 .debug_line    0x0000435c      0x645 CMakeFiles/miior.elf.dir/Middlewares/Third_Party/FreeRTOS/Source/portable/GCC/ARM_CM3/port.c.obj
 .debug_line    0x000049a1      0x67e CMakeFiles/miior.elf.dir/Middlewares/Third_Party/FreeRTOS/Source/portable/MemMang/heap_4.c.obj
 .debug_line    0x0000501f     0x235a CMakeFiles/miior.elf.dir/Middlewares/Third_Party/FreeRTOS/Source/tasks.c.obj
 .debug_line    0x00007379       0x9d CMakeFiles/miior.elf.dir/startup/startup_stm32f103xb.s.obj

.debug_str      0x00000000     0x3105
 .debug_str     0x00000000      0x4a6 CMakeFiles/miior.elf.dir/Core/Src/freertos.c.obj
                                0x52d (size before relaxing)
 .debug_str     0x000004a6       0xd9 CMakeFiles/miior.elf.dir/Core/Src/gpio.c.obj
                                0x2b5 (size before relaxing)
 .debug_str     0x0000057f      0x1e8 CMakeFiles/miior.elf.dir/Core/Src/main.c.obj
                                0x3ac (size before relaxing)
 .debug_str     0x00000767      0x361 CMakeFiles/miior.elf.dir/Core/Src/stm32f1xx_hal_msp.c.obj
                                0x541 (size before relaxing)
 .debug_str     0x00000ac8       0xe4 CMakeFiles/miior.elf.dir/Core/Src/stm32f1xx_it.c.obj
                                0x27a (size before relaxing)
 .debug_str     0x00000bac       0x9b CMakeFiles/miior.elf.dir/Core/Src/system_stm32f1xx.c.obj
                                0x28c (size before relaxing)
 .debug_str     0x00000c47      0x32b CMakeFiles/miior.elf.dir/Drivers/STM32F1xx_HAL_Driver/Src/stm32f1xx_hal.c.obj
                                0x85c (size before relaxing)
 .debug_str     0x00000f72      0x3d9 CMakeFiles/miior.elf.dir/Drivers/STM32F1xx_HAL_Driver/Src/stm32f1xx_hal_cortex.c.obj
                                0x90b (size before relaxing)
 .debug_str     0x0000134b      0x147 CMakeFiles/miior.elf.dir/Drivers/STM32F1xx_HAL_Driver/Src/stm32f1xx_hal_gpio.c.obj
                                0x438 (size before relaxing)
 .debug_str     0x00001492      0x211 CMakeFiles/miior.elf.dir/Drivers/STM32F1xx_HAL_Driver/Src/stm32f1xx_hal_rcc.c.obj
                                0x663 (size before relaxing)
 .debug_str     0x000016a3      0xb89 CMakeFiles/miior.elf.dir/Middlewares/Third_Party/FreeRTOS/Source/CMSIS_RTOS/cmsis_os.c.obj
                               0x1032 (size before relaxing)
 .debug_str     0x0000222c      0x156 CMakeFiles/miior.elf.dir/Middlewares/Third_Party/FreeRTOS/Source/list.c.obj
                                0x32d (size before relaxing)
 .debug_str     0x00002382      0x23a CMakeFiles/miior.elf.dir/Middlewares/Third_Party/FreeRTOS/Source/portable/GCC/ARM_CM3/port.c.obj
                                0x49d (size before relaxing)
 .debug_str     0x000025bc      0x205 CMakeFiles/miior.elf.dir/Middlewares/Third_Party/FreeRTOS/Source/portable/MemMang/heap_4.c.obj
                                0x416 (size before relaxing)
 .debug_str     0x000027c1      0x8f8 CMakeFiles/miior.elf.dir/Middlewares/Third_Party/FreeRTOS/Source/tasks.c.obj
                               0x1001 (size before relaxing)
 .debug_str     0x000030b9       0x4c CMakeFiles/miior.elf.dir/startup/startup_stm32f103xb.s.obj
                                 0x7e (size before relaxing)

.comment        0x00000000       0x49
 .comment       0x00000000       0x49 CMakeFiles/miior.elf.dir/Core/Src/freertos.c.obj
                                 0x4a (size before relaxing)
 .comment       0x00000049       0x4a CMakeFiles/miior.elf.dir/Core/Src/gpio.c.obj
 .comment       0x00000049       0x4a CMakeFiles/miior.elf.dir/Core/Src/main.c.obj
 .comment       0x00000049       0x4a CMakeFiles/miior.elf.dir/Core/Src/stm32f1xx_hal_msp.c.obj
 .comment       0x00000049       0x4a CMakeFiles/miior.elf.dir/Core/Src/stm32f1xx_it.c.obj
 .comment       0x00000049       0x4a CMakeFiles/miior.elf.dir/Core/Src/system_stm32f1xx.c.obj
 .comment       0x00000049       0x4a CMakeFiles/miior.elf.dir/Drivers/STM32F1xx_HAL_Driver/Src/stm32f1xx_hal.c.obj
 .comment       0x00000049       0x4a CMakeFiles/miior.elf.dir/Drivers/STM32F1xx_HAL_Driver/Src/stm32f1xx_hal_cortex.c.obj
 .comment       0x00000049       0x4a CMakeFiles/miior.elf.dir/Drivers/STM32F1xx_HAL_Driver/Src/stm32f1xx_hal_gpio.c.obj
 .comment       0x00000049       0x4a CMakeFiles/miior.elf.dir/Drivers/STM32F1xx_HAL_Driver/Src/stm32f1xx_hal_rcc.c.obj
 .comment       0x00000049       0x4a CMakeFiles/miior.elf.dir/Middlewares/Third_Party/FreeRTOS/Source/CMSIS_RTOS/cmsis_os.c.obj
 .comment       0x00000049       0x4a CMakeFiles/miior.elf.dir/Middlewares/Third_Party/FreeRTOS/Source/list.c.obj
 .comment       0x00000049       0x4a CMakeFiles/miior.elf.dir/Middlewares/Third_Party/FreeRTOS/Source/portable/GCC/ARM_CM3/port.c.obj
 .comment       0x00000049       0x4a CMakeFiles/miior.elf.dir/Middlewares/Third_Party/FreeRTOS/Source/portable/MemMang/heap_4.c.obj
 .comment       0x00000049       0x4a CMakeFiles/miior.elf.dir/Middlewares/Third_Party/FreeRTOS/Source/tasks.c.obj

.debug_frame    0x00000000     0x1624
 .debug_frame   0x00000000       0x70 CMakeFiles/miior.elf.dir/Core/Src/freertos.c.obj
 .debug_frame   0x00000070       0x30 CMakeFiles/miior.elf.dir/Core/Src/gpio.c.obj
 .debug_frame   0x000000a0       0x58 CMakeFiles/miior.elf.dir/Core/Src/main.c.obj
 .debug_frame   0x000000f8       0x2c CMakeFiles/miior.elf.dir/Core/Src/stm32f1xx_hal_msp.c.obj
 .debug_frame   0x00000124       0x88 CMakeFiles/miior.elf.dir/Core/Src/stm32f1xx_it.c.obj
 .debug_frame   0x000001ac       0x30 CMakeFiles/miior.elf.dir/Core/Src/system_stm32f1xx.c.obj
 .debug_frame   0x000001dc      0x1cc CMakeFiles/miior.elf.dir/Drivers/STM32F1xx_HAL_Driver/Src/stm32f1xx_hal.c.obj
 .debug_frame   0x000003a8      0x118 CMakeFiles/miior.elf.dir/Drivers/STM32F1xx_HAL_Driver/Src/stm32f1xx_hal_cortex.c.obj
 .debug_frame   0x000004c0       0xe4 CMakeFiles/miior.elf.dir/Drivers/STM32F1xx_HAL_Driver/Src/stm32f1xx_hal_gpio.c.obj
 .debug_frame   0x000005a4      0x190 CMakeFiles/miior.elf.dir/Drivers/STM32F1xx_HAL_Driver/Src/stm32f1xx_hal_rcc.c.obj
 .debug_frame   0x00000734      0x58c CMakeFiles/miior.elf.dir/Middlewares/Third_Party/FreeRTOS/Source/CMSIS_RTOS/cmsis_os.c.obj
 .debug_frame   0x00000cc0       0x70 CMakeFiles/miior.elf.dir/Middlewares/Third_Party/FreeRTOS/Source/list.c.obj
 .debug_frame   0x00000d30       0xf0 CMakeFiles/miior.elf.dir/Middlewares/Third_Party/FreeRTOS/Source/portable/GCC/ARM_CM3/port.c.obj
 .debug_frame   0x00000e20       0xb0 CMakeFiles/miior.elf.dir/Middlewares/Third_Party/FreeRTOS/Source/portable/MemMang/heap_4.c.obj
 .debug_frame   0x00000ed0      0x568 CMakeFiles/miior.elf.dir/Middlewares/Third_Party/FreeRTOS/Source/tasks.c.obj
 .debug_frame   0x00001438       0x2c c:/progra~2/gnuarm~1/102021~1.10/bin/../lib/gcc/arm-none-eabi/10.3.1/../../../../arm-none-eabi/lib/thumb/v7-m/nofp\libg.a(lib_a-init.o)
 .debug_frame   0x00001464       0x2c c:/progra~2/gnuarm~1/102021~1.10/bin/../lib/gcc/arm-none-eabi/10.3.1/../../../../arm-none-eabi/lib/thumb/v7-m/nofp\libg.a(lib_a-memset.o)
 .debug_frame   0x00001490       0x5c c:/progra~2/gnuarm~1/102021~1.10/bin/../lib/gcc/arm-none-eabi/10.3.1/../../../../arm-none-eabi/lib/thumb/v7-m/nofp\libg.a(lib_a-__call_atexit.o)
 .debug_frame   0x000014ec       0x20 c:/progra~2/gnuarm~1/102021~1.10/bin/../lib/gcc/arm-none-eabi/10.3.1/../../../../arm-none-eabi/lib/thumb/v7-m/nofp\libg.a(lib_a-atexit.o)
 .debug_frame   0x0000150c       0x34 c:/progra~2/gnuarm~1/102021~1.10/bin/../lib/gcc/arm-none-eabi/10.3.1/../../../../arm-none-eabi/lib/thumb/v7-m/nofp\libg.a(lib_a-fini.o)
 .debug_frame   0x00001540       0xb0 c:/progra~2/gnuarm~1/102021~1.10/bin/../lib/gcc/arm-none-eabi/10.3.1/../../../../arm-none-eabi/lib/thumb/v7-m/nofp\libg.a(lib_a-lock.o)
 .debug_frame   0x000015f0       0x34 c:/progra~2/gnuarm~1/102021~1.10/bin/../lib/gcc/arm-none-eabi/10.3.1/../../../../arm-none-eabi/lib/thumb/v7-m/nofp\libg.a(lib_a-__atexit.o)
